---
source: crustrace-core/tests/basic.rs
expression: apply_trace_all(input)
---
#[crustrace::instrument(level = "info", ret)]
fn foo(x: i32) -> i32 {
    bar(x + 1)
}
#[crustrace::instrument(level = "info", ret)]
fn bar(y: i32) -> i32 {
    y * 2
}
