---
source: crustrace-core/tests/basic.rs
expression: apply_trace_all(input)
---
fn hello() {
    let __tracing_attr_span = tracing::span!(tracing::Level::INFO, "hello");
    let __tracing_attr_guard = __tracing_attr_span.enter();
    {
        println!("world");
    }
}
