---
source: crustrace-core/tests/basic.rs
expression: apply_trace_all(input)
---
mod calculations {
    pub fn fibonacci(n: u64) -> u64 {
        let __tracing_attr_span = tracing::span!(tracing::Level::INFO, "fibonacci", n = n);
        let __tracing_attr_guard = __tracing_attr_span.enter();
        {
            if n <= 1 {
                n
            } else {
                add_numbers(fibonacci(n - 1), fibonacci(n - 2))
            }
        }
    }
    fn add_numbers(a: u64, b: u64) -> u64 {
        let __tracing_attr_span = tracing::span!(tracing::Level::INFO, "add_numbers", a = a, b = b);
        let __tracing_attr_guard = __tracing_attr_span.enter();
        {
            a + b
        }
    }
}
