---
source: crustrace-core/tests/basic.rs
expression: apply_trace_all(input)
---
#[crustrace_attributes::instrument(level = "info", ret)]
fn generic<T: Clone>(value: T) -> T {
    value.clone()
}
