---
source: crustrace-core/tests/basic.rs
expression: apply_trace_all(input)
---
const x: String = "fn not_a_function";
struct Foo {
    field: i32,
}
fn actual_function() {
    let __tracing_attr_span = tracing::span!(tracing::Level::INFO, "actual_function");
    let __tracing_attr_guard = __tracing_attr_span.enter();
    {}
}
