---
source: crustrace-core/tests/ret.rs
expression: "apply_instrument(args, item)"
---
fn test_function() -> i32 {
    let __tracing_attr_span = tracing::span!(tracing::Level::DEBUG, "test_function");
    let __tracing_attr_guard = __tracing_attr_span.enter();
    let __tracing_attr_ret = (|| 42)();
    tracing :: event ! (tracing :: Level :: DEBUG , return_value = ? __tracing_attr_ret);
    __tracing_attr_ret
}
